Flutter crash report.
Please report a bug at https://github.com/flutter/flutter/issues.

## command

flutter build web --profile --dart-define=API_BASE_URL=http://127.0.0.1:4000/api/v1 --dart-define=USE_REST_API=true --dart-define=LOCK_API_BASE_URL=true --dart-define=REVERB_ENABLED=true --dart-define=REVERB_APP_KEY=arucad-local-key --dart-define=REVERB_HOST=127.0.0.1 --dart-define=REVERB_PORT=8091 --dart-define=REVERB_SCHEME=http

## exception

PathAccessException: PathAccessException: Cannot delete file, path = 'C:\Users\Ezgi.Demir\AppData\Roaming\.dart-tool\dart-flutter-telemetry.log' (OS Error: The process cannot access the file because it is being used by another process, errno = 32)

```
#0      _File.throwIfError (dart:io/file_impl.dart:779:7)
#1      _File._deleteSync (dart:io/file_impl.dart:364:5)
#2      FileSystemEntity.deleteSync (dart:io/file_system_entity.dart:425:7)
#3      ForwardingFileSystemEntity.deleteSync (package:file/src/forwarding/forwarding_file_system_entity.dart:70:16)
#4      LogHandler.save (package:unified_analytics/src/log_handler.dart:306:17)
#5      AnalyticsImpl.send (package:unified_analytics/src/analytics.dart:643:17)
#6      FlutterCommand._sendPostUsage (package:flutter_tools/src/runner/flutter_command.dart:1936:15)
#7      FlutterCommand.run.<anonymous closure> (package:flutter_tools/src/runner/flutter_command.dart:1673:13)
<asynchronous suspension>
#8      AppContext.run.<anonymous closure> (package:flutter_tools/src/base/context.dart:154:19)
<asynchronous suspension>
#9      CommandRunner.runCommand (package:args/command_runner.dart:212:13)
<asynchronous suspension>
#10     FlutterCommandRunner.runCommand.<anonymous closure> (package:flutter_tools/src/runner/flutter_command_runner.dart:496:9)
<asynchronous suspension>
#11     AppContext.run.<anonymous closure> (package:flutter_tools/src/base/context.dart:154:19)
<asynchronous suspension>
#12     FlutterCommandRunner.runCommand (package:flutter_tools/src/runner/flutter_command_runner.dart:431:5)
<asynchronous suspension>
#13     FlutterCommandRunner.run.<anonymous closure> (package:flutter_tools/src/runner/flutter_command_runner.dart:307:33)
<asynchronous suspension>
#14     run.<anonymous closure>.<anonymous closure> (package:flutter_tools/runner.dart:104:11)
<asynchronous suspension>
#15     AppContext.run.<anonymous closure> (package:flutter_tools/src/base/context.dart:154:19)
<asynchronous suspension>
#16     main (package:flutter_tools/executable.dart:103:3)
<asynchronous suspension>
```

## flutter doctor

```
[✓] Flutter (Channel stable, 3.47.1, on Microsoft Windows [Version 10.0.22631.6199], locale en-GB) [344ms]
    • Flutter version 3.47.1 on channel stable at C:\flutter
    • Upstream repository https://github.com/flutter/flutter.git
    • Framework revision 6655482ec0 (4 weeks ago), 2026-08-19 10:07:23 -0700
    • Engine revision 5d53178869
    • Dart version 3.13.1
    • DevTools version 2.60.0
    • Feature flags: enable-web, enable-linux-desktop, enable-macos-desktop, enable-windows-desktop, enable-android, enable-ios, cli-animations, enable-native-assets, enable-record-use, enable-swift-package-manager, omit-legacy-version-file, enable-lldb-debugging, enable-uiscene-migration

[✓] Windows Version (11 Pro 64-bit, 23H2, 2009) [3.8s]

[✓] Android toolchain - develop for Android devices (Android SDK version 36.0.0) [9.4s]
    • Android SDK at C:\Users\Ezgi.Demir\AppData\Local\Android\sdk
    • Emulator version 37.1.11.0 (build_id 15917651) (CL:N/A)
    • Platform android-37.0, build-tools 36.0.0
    • Java binary at: C:\Program Files\Android\Android Studio\jbr\bin\java
      This is the JDK bundled with the latest Android Studio installation on this machine.
      To manually set the JDK path, use: `flutter config --jdk-dir="path/to/jdk"`.
    • Java version OpenJDK Runtime Environment (build 25.0.2+-15348964-b329.117)
    • All Android licenses accepted.

[✓] Chrome - develop for the web [107ms]
    • Chrome at C:\Program Files\Google\Chrome\Application\chrome.exe

[✓] Visual Studio - develop Windows apps (Visual Studio Community 2026 18.10.1) [105ms]
    • Visual Studio at C:\Program Files\Microsoft Visual Studio\18\Community
    • Visual Studio Community 2026 version 18.10.12210.168
    • Windows 10 SDK version 10.0.26100.0

[✓] Connected device (3 available) [315ms]
    • Windows (desktop) • windows • windows-x64    • Microsoft Windows [Version 10.0.22631.6199]
    • Chrome (web)      • chrome  • web-javascript • Google Chrome 152.0.7977.84
    • Edge (web)        • edge    • web-javascript • Microsoft Edge 153.0.4234.32

[✓] Network resources [810ms]
    • All expected network resources are available.

• No issues found!
```
